ajaym@DESKTOP-RFTILPI MINGW64 ~/Desktop/pythonTraining/Exercise-7 (main)
$ git status
On branch main
Your branch is up to date with 'origin/main'.

Changes to be committed:
  (use "git restore --staged <file>..." to unstage)
        new file:   ../Exercise-6/File2.py
        new file:   File1.py
        new file:   File2.py

Untracked files:
  (use "git add <file>..." to include in what will be committed)
        ../Exercise-6/File1.py
        ../Exercise-6/Output.txt
        Output.txt


ajaym@DESKTOP-RFTILPI MINGW64 ~/Desktop/pythonTraining/Exercise-7 (main)
$ nano File1.py

ajaym@DESKTOP-RFTILPI MINGW64 ~/Desktop/pythonTraining/Exercise-7 (main)
$ git status
On branch main
Your branch is up to date with 'origin/main'.

Changes to be committed:
  (use "git restore --staged <file>..." to unstage)
        new file:   ../Exercise-6/File2.py
        new file:   File1.py
        new file:   File2.py

Changes not staged for commit:
  (use "git add <file>..." to update what will be committed)
  (use "git restore <file>..." to discard changes in working directory)
        modified:   File1.py

Untracked files:
  (use "git add <file>..." to include in what will be committed)
        ../Exercise-6/File1.py
        ../Exercise-6/Output.txt
        Output.txt


ajaym@DESKTOP-RFTILPI MINGW64 ~/Desktop/pythonTraining/Exercise-7 (main)
$ git restore --staged File1.py

ajaym@DESKTOP-RFTILPI MINGW64 ~/Desktop/pythonTraining/Exercise-7 (main)
$ git status
On branch main
Your branch is up to date with 'origin/main'.

Changes to be committed:
  (use "git restore --staged <file>..." to unstage)
        new file:   ../Exercise-6/File2.py
        new file:   File2.py

Untracked files:
  (use "git add <file>..." to include in what will be committed)
        ../Exercise-6/File1.py
        ../Exercise-6/Output.txt
        File1.py
        Output.txt





